// Jest Snapshot v1, https://goo.gl/fbAQLP

exports[`User Page Component renders User Page 1`] = `
<Router
  history={
    Object {
      "action": "POP",
      "block": [Function],
      "createHref": [Function],
      "go": [Function],
      "goBack": [Function],
      "goForward": [Function],
      "length": 1,
      "listen": [Function],
      "location": Object {
        "hash": "",
        "pathname": "/",
        "search": "",
        "state": undefined,
      },
      "push": [Function],
      "replace": [Function],
    }
  }
>
  <UserPage
    match={
      Object {
        "params": Object {
          "postId": 1,
        },
      }
    }
  />
</Router>
`;
